Analysis & Synthesis report for cpu
Sun Nov 19 10:48:21 2023
Quartus Prime Version 18.1.0 Build 625 09/12/2018 SJ Lite Edition


---------------------
; Table of Contents ;
---------------------
  1. Legal Notice
  2. Analysis & Synthesis Summary
  3. Analysis & Synthesis Settings
  4. Parallel Compilation
  5. Analysis & Synthesis Source Files Read
  6. Analysis & Synthesis Resource Usage Summary
  7. Analysis & Synthesis Resource Utilization by Entity
  8. State Machine - |cpu|StateController:FSM|currentState
  9. Registers Removed During Synthesis
 10. General Register Statistics
 11. Multiplexer Restructuring Statistics (Restructuring Performed)
 12. Parameter Settings for User Entity Instance: vDFF:InstructionReg
 13. Parameter Settings for User Entity Instance: datapath:dp|regfile:REGFILE|vDFF:reg0
 14. Parameter Settings for User Entity Instance: datapath:dp|regfile:REGFILE|vDFF:reg1
 15. Parameter Settings for User Entity Instance: datapath:dp|regfile:REGFILE|vDFF:reg2
 16. Parameter Settings for User Entity Instance: datapath:dp|regfile:REGFILE|vDFF:reg3
 17. Parameter Settings for User Entity Instance: datapath:dp|regfile:REGFILE|vDFF:reg4
 18. Parameter Settings for User Entity Instance: datapath:dp|regfile:REGFILE|vDFF:reg5
 19. Parameter Settings for User Entity Instance: datapath:dp|regfile:REGFILE|vDFF:reg6
 20. Parameter Settings for User Entity Instance: datapath:dp|regfile:REGFILE|vDFF:reg7
 21. Parameter Settings for User Entity Instance: datapath:dp|vDFF:A_loader
 22. Parameter Settings for User Entity Instance: datapath:dp|vDFF:B_loader
 23. Parameter Settings for User Entity Instance: datapath:dp|vDFF:C_loader
 24. Parameter Settings for User Entity Instance: datapath:dp|vDFF:status_loader
 25. Port Connectivity Checks: "datapath:dp"
 26. Port Connectivity Checks: "StateController:FSM"
 27. Post-Synthesis Netlist Statistics for Top Partition
 28. Elapsed Time Per Partition
 29. Analysis & Synthesis Messages



----------------
; Legal Notice ;
----------------
Copyright (C) 2018  Intel Corporation. All rights reserved.
Your use of Intel Corporation's design tools, logic functions 
and other software and tools, and its AMPP partner logic 
functions, and any output files from any of the foregoing 
(including device programming or simulation files), and any 
associated documentation or information are expressly subject 
to the terms and conditions of the Intel Program License 
Subscription Agreement, the Intel Quartus Prime License Agreement,
the Intel FPGA IP License Agreement, or other applicable license
agreement, including, without limitation, that your use is for
the sole purpose of programming logic devices manufactured by
Intel and sold by Intel or its authorized distributors.  Please
refer to the applicable agreement for further details.



+-------------------------------------------------------------------------------+
; Analysis & Synthesis Summary                                                  ;
+---------------------------------+---------------------------------------------+
; Analysis & Synthesis Status     ; Successful - Sun Nov 19 10:48:21 2023       ;
; Quartus Prime Version           ; 18.1.0 Build 625 09/12/2018 SJ Lite Edition ;
; Revision Name                   ; cpu                                         ;
; Top-level Entity Name           ; cpu                                         ;
; Family                          ; Cyclone V                                   ;
; Logic utilization (in ALMs)     ; N/A                                         ;
; Total registers                 ; 201                                         ;
; Total pins                      ; 40                                          ;
; Total virtual pins              ; 0                                           ;
; Total block memory bits         ; 0                                           ;
; Total DSP Blocks                ; 0                                           ;
; Total HSSI RX PCSs              ; 0                                           ;
; Total HSSI PMA RX Deserializers ; 0                                           ;
; Total HSSI TX PCSs              ; 0                                           ;
; Total HSSI PMA TX Serializers   ; 0                                           ;
; Total PLLs                      ; 0                                           ;
; Total DLLs                      ; 0                                           ;
+---------------------------------+---------------------------------------------+


+---------------------------------------------------------------------------------------------------------------------------+
; Analysis & Synthesis Settings                                                                                             ;
+---------------------------------------------------------------------------------+--------------------+--------------------+
; Option                                                                          ; Setting            ; Default Value      ;
+---------------------------------------------------------------------------------+--------------------+--------------------+
; Device                                                                          ; 5CEFA7F31C6        ;                    ;
; Top-level entity name                                                           ; cpu                ; cpu                ;
; Family name                                                                     ; Cyclone V          ; Cyclone V          ;
; Use smart compilation                                                           ; Off                ; Off                ;
; Enable parallel Assembler and Timing Analyzer during compilation                ; On                 ; On                 ;
; Enable compact report table                                                     ; Off                ; Off                ;
; Restructure Multiplexers                                                        ; Auto               ; Auto               ;
; MLAB Add Timing Constraints For Mixed-Port Feed-Through Mode Setting Don't Care ; Off                ; Off                ;
; Create Debugging Nodes for IP Cores                                             ; Off                ; Off                ;
; Preserve fewer node names                                                       ; On                 ; On                 ;
; Intel FPGA IP Evaluation Mode                                                   ; Enable             ; Enable             ;
; Verilog Version                                                                 ; Verilog_2001       ; Verilog_2001       ;
; VHDL Version                                                                    ; VHDL_1993          ; VHDL_1993          ;
; State Machine Processing                                                        ; Auto               ; Auto               ;
; Safe State Machine                                                              ; Off                ; Off                ;
; Extract Verilog State Machines                                                  ; On                 ; On                 ;
; Extract VHDL State Machines                                                     ; On                 ; On                 ;
; Ignore Verilog initial constructs                                               ; Off                ; Off                ;
; Iteration limit for constant Verilog loops                                      ; 5000               ; 5000               ;
; Iteration limit for non-constant Verilog loops                                  ; 250                ; 250                ;
; Add Pass-Through Logic to Inferred RAMs                                         ; On                 ; On                 ;
; Infer RAMs from Raw Logic                                                       ; On                 ; On                 ;
; Parallel Synthesis                                                              ; On                 ; On                 ;
; DSP Block Balancing                                                             ; Auto               ; Auto               ;
; NOT Gate Push-Back                                                              ; On                 ; On                 ;
; Power-Up Don't Care                                                             ; On                 ; On                 ;
; Remove Redundant Logic Cells                                                    ; Off                ; Off                ;
; Remove Duplicate Registers                                                      ; On                 ; On                 ;
; Ignore CARRY Buffers                                                            ; Off                ; Off                ;
; Ignore CASCADE Buffers                                                          ; Off                ; Off                ;
; Ignore GLOBAL Buffers                                                           ; Off                ; Off                ;
; Ignore ROW GLOBAL Buffers                                                       ; Off                ; Off                ;
; Ignore LCELL Buffers                                                            ; Off                ; Off                ;
; Ignore SOFT Buffers                                                             ; On                 ; On                 ;
; Limit AHDL Integers to 32 Bits                                                  ; Off                ; Off                ;
; Optimization Technique                                                          ; Balanced           ; Balanced           ;
; Carry Chain Length                                                              ; 70                 ; 70                 ;
; Auto Carry Chains                                                               ; On                 ; On                 ;
; Auto Open-Drain Pins                                                            ; On                 ; On                 ;
; Perform WYSIWYG Primitive Resynthesis                                           ; Off                ; Off                ;
; Auto ROM Replacement                                                            ; On                 ; On                 ;
; Auto RAM Replacement                                                            ; On                 ; On                 ;
; Auto DSP Block Replacement                                                      ; On                 ; On                 ;
; Auto Shift Register Replacement                                                 ; Auto               ; Auto               ;
; Allow Shift Register Merging across Hierarchies                                 ; Auto               ; Auto               ;
; Auto Clock Enable Replacement                                                   ; On                 ; On                 ;
; Strict RAM Replacement                                                          ; Off                ; Off                ;
; Allow Synchronous Control Signals                                               ; On                 ; On                 ;
; Force Use of Synchronous Clear Signals                                          ; Off                ; Off                ;
; Auto Resource Sharing                                                           ; Off                ; Off                ;
; Allow Any RAM Size For Recognition                                              ; Off                ; Off                ;
; Allow Any ROM Size For Recognition                                              ; Off                ; Off                ;
; Allow Any Shift Register Size For Recognition                                   ; Off                ; Off                ;
; Use LogicLock Constraints during Resource Balancing                             ; On                 ; On                 ;
; Ignore translate_off and synthesis_off directives                               ; Off                ; Off                ;
; Timing-Driven Synthesis                                                         ; On                 ; On                 ;
; Report Parameter Settings                                                       ; On                 ; On                 ;
; Report Source Assignments                                                       ; On                 ; On                 ;
; Report Connectivity Checks                                                      ; On                 ; On                 ;
; Ignore Maximum Fan-Out Assignments                                              ; Off                ; Off                ;
; Synchronization Register Chain Length                                           ; 3                  ; 3                  ;
; Power Optimization During Synthesis                                             ; Normal compilation ; Normal compilation ;
; HDL message level                                                               ; Level2             ; Level2             ;
; Suppress Register Optimization Related Messages                                 ; Off                ; Off                ;
; Number of Removed Registers Reported in Synthesis Report                        ; 5000               ; 5000               ;
; Number of Swept Nodes Reported in Synthesis Report                              ; 5000               ; 5000               ;
; Number of Inverted Registers Reported in Synthesis Report                       ; 100                ; 100                ;
; Clock MUX Protection                                                            ; On                 ; On                 ;
; Auto Gated Clock Conversion                                                     ; Off                ; Off                ;
; Block Design Naming                                                             ; Auto               ; Auto               ;
; SDC constraint protection                                                       ; Off                ; Off                ;
; Synthesis Effort                                                                ; Auto               ; Auto               ;
; Shift Register Replacement - Allow Asynchronous Clear Signal                    ; On                 ; On                 ;
; Pre-Mapping Resynthesis Optimization                                            ; Off                ; Off                ;
; Analysis & Synthesis Message Level                                              ; Medium             ; Medium             ;
; Disable Register Merging Across Hierarchies                                     ; Auto               ; Auto               ;
; Resource Aware Inference For Block RAM                                          ; On                 ; On                 ;
; Automatic Parallel Synthesis                                                    ; On                 ; On                 ;
; Partial Reconfiguration Bitstream ID                                            ; Off                ; Off                ;
+---------------------------------------------------------------------------------+--------------------+--------------------+


+------------------------------------------+
; Parallel Compilation                     ;
+----------------------------+-------------+
; Processors                 ; Number      ;
+----------------------------+-------------+
; Number detected on machine ; 8           ;
; Maximum allowed            ; 4           ;
;                            ;             ;
; Average used               ; 1.00        ;
; Maximum used               ; 4           ;
;                            ;             ;
; Usage by Processor         ; % Time Used ;
;     Processor 1            ; 100.0%      ;
;     Processors 2-4         ;   0.0%      ;
+----------------------------+-------------+


+-----------------------------------------------------------------------------------------------------------------------------------------------------------------+
; Analysis & Synthesis Source Files Read                                                                                                                          ;
+----------------------------------+-----------------+------------------------------+-------------------------------------------------------------------+---------+
; File Name with User-Entered Path ; Used in Netlist ; File Type                    ; File Name with Absolute Path                                      ; Library ;
+----------------------------------+-----------------+------------------------------+-------------------------------------------------------------------+---------+
; lab6_top.sv                      ; yes             ; User SystemVerilog HDL File  ; D:/UBC/Courses/2023W1/CPEN_211/Lab6/Shared-/lab6_top.sv           ;         ;
; state_controller.sv              ; yes             ; User SystemVerilog HDL File  ; D:/UBC/Courses/2023W1/CPEN_211/Lab6/Shared-/state_controller.sv   ;         ;
; shifter.sv                       ; yes             ; User SystemVerilog HDL File  ; D:/UBC/Courses/2023W1/CPEN_211/Lab6/Shared-/shifter.sv            ;         ;
; regfile.sv                       ; yes             ; User SystemVerilog HDL File  ; D:/UBC/Courses/2023W1/CPEN_211/Lab6/Shared-/regfile.sv            ;         ;
; instructionDecoder.sv            ; yes             ; User SystemVerilog HDL File  ; D:/UBC/Courses/2023W1/CPEN_211/Lab6/Shared-/instructionDecoder.sv ;         ;
; datapath.sv                      ; yes             ; User SystemVerilog HDL File  ; D:/UBC/Courses/2023W1/CPEN_211/Lab6/Shared-/datapath.sv           ;         ;
; cpu.sv                           ; yes             ; User SystemVerilog HDL File  ; D:/UBC/Courses/2023W1/CPEN_211/Lab6/Shared-/cpu.sv                ;         ;
; alu.sv                           ; yes             ; User SystemVerilog HDL File  ; D:/UBC/Courses/2023W1/CPEN_211/Lab6/Shared-/alu.sv                ;         ;
+----------------------------------+-----------------+------------------------------+-------------------------------------------------------------------+---------+


+---------------------------------------------------------+
; Analysis & Synthesis Resource Usage Summary             ;
+---------------------------------------------+-----------+
; Resource                                    ; Usage     ;
+---------------------------------------------+-----------+
; Estimate of Logic utilization (ALMs needed) ; 135       ;
;                                             ;           ;
; Combinational ALUT usage for logic          ; 141       ;
;     -- 7 input functions                    ; 0         ;
;     -- 6 input functions                    ; 38        ;
;     -- 5 input functions                    ; 42        ;
;     -- 4 input functions                    ; 2         ;
;     -- <=3 input functions                  ; 59        ;
;                                             ;           ;
; Dedicated logic registers                   ; 201       ;
;                                             ;           ;
; I/O pins                                    ; 40        ;
;                                             ;           ;
; Total DSP Blocks                            ; 0         ;
;                                             ;           ;
; Maximum fan-out node                        ; clk~input ;
; Maximum fan-out                             ; 141       ;
; Total fan-out                               ; 1249      ;
; Average fan-out                             ; 2.96      ;
+---------------------------------------------+-----------+


+--------------------------------------------------------------------------------------------------------------------------------------------------------------------------------------------------------------------+
; Analysis & Synthesis Resource Utilization by Entity                                                                                                                                                                ;
+-----------------------------+---------------------+---------------------------+-------------------+------------+------+--------------+--------------------------------------------+-----------------+--------------+
; Compilation Hierarchy Node  ; Combinational ALUTs ; Dedicated Logic Registers ; Block Memory Bits ; DSP Blocks ; Pins ; Virtual Pins ; Full Hierarchy Name                        ; Entity Name     ; Library Name ;
+-----------------------------+---------------------+---------------------------+-------------------+------------+------+--------------+--------------------------------------------+-----------------+--------------+
; |cpu                        ; 141 (4)             ; 201 (0)                   ; 0                 ; 0          ; 40   ; 0            ; |cpu                                       ; cpu             ; work         ;
;    |StateController:FSM|    ; 11 (11)             ; 8 (8)                     ; 0                 ; 0          ; 0    ; 0            ; |cpu|StateController:FSM                   ; StateController ; work         ;
;    |datapath:dp|            ; 126 (20)            ; 177 (0)                   ; 0                 ; 0          ; 0    ; 0            ; |cpu|datapath:dp                           ; datapath        ; work         ;
;       |ALU:ALUModule|       ; 33 (33)             ; 0 (0)                     ; 0                 ; 0          ; 0    ; 0            ; |cpu|datapath:dp|ALU:ALUModule             ; ALU             ; work         ;
;       |regfile:REGFILE|     ; 56 (56)             ; 128 (0)                   ; 0                 ; 0          ; 0    ; 0            ; |cpu|datapath:dp|regfile:REGFILE           ; regfile         ; work         ;
;          |vDFF:reg0|        ; 0 (0)               ; 16 (16)                   ; 0                 ; 0          ; 0    ; 0            ; |cpu|datapath:dp|regfile:REGFILE|vDFF:reg0 ; vDFF            ; work         ;
;          |vDFF:reg1|        ; 0 (0)               ; 16 (16)                   ; 0                 ; 0          ; 0    ; 0            ; |cpu|datapath:dp|regfile:REGFILE|vDFF:reg1 ; vDFF            ; work         ;
;          |vDFF:reg2|        ; 0 (0)               ; 16 (16)                   ; 0                 ; 0          ; 0    ; 0            ; |cpu|datapath:dp|regfile:REGFILE|vDFF:reg2 ; vDFF            ; work         ;
;          |vDFF:reg3|        ; 0 (0)               ; 16 (16)                   ; 0                 ; 0          ; 0    ; 0            ; |cpu|datapath:dp|regfile:REGFILE|vDFF:reg3 ; vDFF            ; work         ;
;          |vDFF:reg4|        ; 0 (0)               ; 16 (16)                   ; 0                 ; 0          ; 0    ; 0            ; |cpu|datapath:dp|regfile:REGFILE|vDFF:reg4 ; vDFF            ; work         ;
;          |vDFF:reg5|        ; 0 (0)               ; 16 (16)                   ; 0                 ; 0          ; 0    ; 0            ; |cpu|datapath:dp|regfile:REGFILE|vDFF:reg5 ; vDFF            ; work         ;
;          |vDFF:reg6|        ; 0 (0)               ; 16 (16)                   ; 0                 ; 0          ; 0    ; 0            ; |cpu|datapath:dp|regfile:REGFILE|vDFF:reg6 ; vDFF            ; work         ;
;          |vDFF:reg7|        ; 0 (0)               ; 16 (16)                   ; 0                 ; 0          ; 0    ; 0            ; |cpu|datapath:dp|regfile:REGFILE|vDFF:reg7 ; vDFF            ; work         ;
;       |shifter:FileShifter| ; 17 (17)             ; 0 (0)                     ; 0                 ; 0          ; 0    ; 0            ; |cpu|datapath:dp|shifter:FileShifter       ; shifter         ; work         ;
;       |vDFF:A_loader|       ; 0 (0)               ; 16 (16)                   ; 0                 ; 0          ; 0    ; 0            ; |cpu|datapath:dp|vDFF:A_loader             ; vDFF            ; work         ;
;       |vDFF:B_loader|       ; 0 (0)               ; 16 (16)                   ; 0                 ; 0          ; 0    ; 0            ; |cpu|datapath:dp|vDFF:B_loader             ; vDFF            ; work         ;
;       |vDFF:C_loader|       ; 0 (0)               ; 16 (16)                   ; 0                 ; 0          ; 0    ; 0            ; |cpu|datapath:dp|vDFF:C_loader             ; vDFF            ; work         ;
;       |vDFF:status_loader|  ; 0 (0)               ; 1 (1)                     ; 0                 ; 0          ; 0    ; 0            ; |cpu|datapath:dp|vDFF:status_loader        ; vDFF            ; work         ;
;    |vDFF:InstructionReg|    ; 0 (0)               ; 16 (16)                   ; 0                 ; 0          ; 0    ; 0            ; |cpu|vDFF:InstructionReg                   ; vDFF            ; work         ;
+-----------------------------+---------------------+---------------------------+-------------------+------------+------+--------------+--------------------------------------------+-----------------+--------------+
Note: For table entries with two numbers listed, the numbers in parentheses indicate the number of resources of the given type used by the specific entity alone. The numbers listed outside of parentheses indicate the total resources of the given type used by the specific entity and all of its sub-entities in the hierarchy.


Encoding Type:  One-Hot
+-----------------------------------------------------------------------------------------------------------------------------------------------------------------------------------+
; State Machine - |cpu|StateController:FSM|currentState                                                                                                                             ;
+-------------------+-------------------+-------------------+-------------------+-------------------+-------------------+-------------------+-------------------+-------------------+
; Name              ; currentState.0111 ; currentState.0110 ; currentState.0101 ; currentState.0100 ; currentState.0011 ; currentState.0010 ; currentState.0001 ; currentState.0000 ;
+-------------------+-------------------+-------------------+-------------------+-------------------+-------------------+-------------------+-------------------+-------------------+
; currentState.0000 ; 0                 ; 0                 ; 0                 ; 0                 ; 0                 ; 0                 ; 0                 ; 0                 ;
; currentState.0001 ; 0                 ; 0                 ; 0                 ; 0                 ; 0                 ; 0                 ; 1                 ; 1                 ;
; currentState.0010 ; 0                 ; 0                 ; 0                 ; 0                 ; 0                 ; 1                 ; 0                 ; 1                 ;
; currentState.0011 ; 0                 ; 0                 ; 0                 ; 0                 ; 1                 ; 0                 ; 0                 ; 1                 ;
; currentState.0100 ; 0                 ; 0                 ; 0                 ; 1                 ; 0                 ; 0                 ; 0                 ; 1                 ;
; currentState.0101 ; 0                 ; 0                 ; 1                 ; 0                 ; 0                 ; 0                 ; 0                 ; 1                 ;
; currentState.0110 ; 0                 ; 1                 ; 0                 ; 0                 ; 0                 ; 0                 ; 0                 ; 1                 ;
; currentState.0111 ; 1                 ; 0                 ; 0                 ; 0                 ; 0                 ; 0                 ; 0                 ; 1                 ;
+-------------------+-------------------+-------------------+-------------------+-------------------+-------------------+-------------------+-------------------+-------------------+


+------------------------------------------------------------+
; Registers Removed During Synthesis                         ;
+---------------------------------------+--------------------+
; Register name                         ; Reason for Removal ;
+---------------------------------------+--------------------+
; StateController:FSM|currentState~2    ; Lost fanout        ;
; StateController:FSM|currentState~3    ; Lost fanout        ;
; StateController:FSM|currentState~4    ; Lost fanout        ;
; StateController:FSM|currentState~5    ; Lost fanout        ;
; Total Number of Removed Registers = 4 ;                    ;
+---------------------------------------+--------------------+


+------------------------------------------------------+
; General Register Statistics                          ;
+----------------------------------------------+-------+
; Statistic                                    ; Value ;
+----------------------------------------------+-------+
; Total registers                              ; 201   ;
; Number of registers using Synchronous Clear  ; 0     ;
; Number of registers using Synchronous Load   ; 17    ;
; Number of registers using Asynchronous Clear ; 0     ;
; Number of registers using Asynchronous Load  ; 0     ;
; Number of registers using Clock Enable       ; 128   ;
; Number of registers using Preset             ; 0     ;
+----------------------------------------------+-------+


+----------------------------------------------------------------------------------------------------------------------------------------------------------+
; Multiplexer Restructuring Statistics (Restructuring Performed)                                                                                           ;
+--------------------+-----------+---------------+----------------------+------------------------+------------+--------------------------------------------+
; Multiplexer Inputs ; Bus Width ; Baseline Area ; Area if Restructured ; Saving if Restructured ; Registered ; Example Multiplexer Output                 ;
+--------------------+-----------+---------------+----------------------+------------------------+------------+--------------------------------------------+
; 4:1                ; 15 bits   ; 30 LEs        ; 30 LEs               ; 0 LEs                  ; Yes        ; |cpu|datapath:dp|vDFF:C_loader|Q[0]        ;
; 4:1                ; 14 bits   ; 28 LEs        ; 28 LEs               ; 0 LEs                  ; No         ; |cpu|datapath:dp|shifter:FileShifter|Mux14 ;
; 3:1                ; 3 bits    ; 6 LEs         ; 6 LEs                ; 0 LEs                  ; No         ; |cpu|Mux2                                  ;
; 8:1                ; 16 bits   ; 80 LEs        ; 80 LEs               ; 0 LEs                  ; No         ; |cpu|datapath:dp|regfile:REGFILE|Mux1      ;
+--------------------+-----------+---------------+----------------------+------------------------+------------+--------------------------------------------+


+------------------------------------------------------------------+
; Parameter Settings for User Entity Instance: vDFF:InstructionReg ;
+----------------+-------+-----------------------------------------+
; Parameter Name ; Value ; Type                                    ;
+----------------+-------+-----------------------------------------+
; n              ; 16    ; Signed Integer                          ;
+----------------+-------+-----------------------------------------+
Note: In order to hide this table in the UI and the text report file, please set the "Show Parameter Settings in Synthesis Report" option in "Analysis and Synthesis Settings -> More Settings" to "Off".


+------------------------------------------------------------------------------------+
; Parameter Settings for User Entity Instance: datapath:dp|regfile:REGFILE|vDFF:reg0 ;
+----------------+-------+-----------------------------------------------------------+
; Parameter Name ; Value ; Type                                                      ;
+----------------+-------+-----------------------------------------------------------+
; n              ; 16    ; Signed Integer                                            ;
+----------------+-------+-----------------------------------------------------------+
Note: In order to hide this table in the UI and the text report file, please set the "Show Parameter Settings in Synthesis Report" option in "Analysis and Synthesis Settings -> More Settings" to "Off".


+------------------------------------------------------------------------------------+
; Parameter Settings for User Entity Instance: datapath:dp|regfile:REGFILE|vDFF:reg1 ;
+----------------+-------+-----------------------------------------------------------+
; Parameter Name ; Value ; Type                                                      ;
+----------------+-------+-----------------------------------------------------------+
; n              ; 16    ; Signed Integer                                            ;
+----------------+-------+-----------------------------------------------------------+
Note: In order to hide this table in the UI and the text report file, please set the "Show Parameter Settings in Synthesis Report" option in "Analysis and Synthesis Settings -> More Settings" to "Off".


+------------------------------------------------------------------------------------+
; Parameter Settings for User Entity Instance: datapath:dp|regfile:REGFILE|vDFF:reg2 ;
+----------------+-------+-----------------------------------------------------------+
; Parameter Name ; Value ; Type                                                      ;
+----------------+-------+-----------------------------------------------------------+
; n              ; 16    ; Signed Integer                                            ;
+----------------+-------+-----------------------------------------------------------+
Note: In order to hide this table in the UI and the text report file, please set the "Show Parameter Settings in Synthesis Report" option in "Analysis and Synthesis Settings -> More Settings" to "Off".


+------------------------------------------------------------------------------------+
; Parameter Settings for User Entity Instance: datapath:dp|regfile:REGFILE|vDFF:reg3 ;
+----------------+-------+-----------------------------------------------------------+
; Parameter Name ; Value ; Type                                                      ;
+----------------+-------+-----------------------------------------------------------+
; n              ; 16    ; Signed Integer                                            ;
+----------------+-------+-----------------------------------------------------------+
Note: In order to hide this table in the UI and the text report file, please set the "Show Parameter Settings in Synthesis Report" option in "Analysis and Synthesis Settings -> More Settings" to "Off".


+------------------------------------------------------------------------------------+
; Parameter Settings for User Entity Instance: datapath:dp|regfile:REGFILE|vDFF:reg4 ;
+----------------+-------+-----------------------------------------------------------+
; Parameter Name ; Value ; Type                                                      ;
+----------------+-------+-----------------------------------------------------------+
; n              ; 16    ; Signed Integer                                            ;
+----------------+-------+-----------------------------------------------------------+
Note: In order to hide this table in the UI and the text report file, please set the "Show Parameter Settings in Synthesis Report" option in "Analysis and Synthesis Settings -> More Settings" to "Off".


+------------------------------------------------------------------------------------+
; Parameter Settings for User Entity Instance: datapath:dp|regfile:REGFILE|vDFF:reg5 ;
+----------------+-------+-----------------------------------------------------------+
; Parameter Name ; Value ; Type                                                      ;
+----------------+-------+-----------------------------------------------------------+
; n              ; 16    ; Signed Integer                                            ;
+----------------+-------+-----------------------------------------------------------+
Note: In order to hide this table in the UI and the text report file, please set the "Show Parameter Settings in Synthesis Report" option in "Analysis and Synthesis Settings -> More Settings" to "Off".


+------------------------------------------------------------------------------------+
; Parameter Settings for User Entity Instance: datapath:dp|regfile:REGFILE|vDFF:reg6 ;
+----------------+-------+-----------------------------------------------------------+
; Parameter Name ; Value ; Type                                                      ;
+----------------+-------+-----------------------------------------------------------+
; n              ; 16    ; Signed Integer                                            ;
+----------------+-------+-----------------------------------------------------------+
Note: In order to hide this table in the UI and the text report file, please set the "Show Parameter Settings in Synthesis Report" option in "Analysis and Synthesis Settings -> More Settings" to "Off".


+------------------------------------------------------------------------------------+
; Parameter Settings for User Entity Instance: datapath:dp|regfile:REGFILE|vDFF:reg7 ;
+----------------+-------+-----------------------------------------------------------+
; Parameter Name ; Value ; Type                                                      ;
+----------------+-------+-----------------------------------------------------------+
; n              ; 16    ; Signed Integer                                            ;
+----------------+-------+-----------------------------------------------------------+
Note: In order to hide this table in the UI and the text report file, please set the "Show Parameter Settings in Synthesis Report" option in "Analysis and Synthesis Settings -> More Settings" to "Off".


+------------------------------------------------------------------------+
; Parameter Settings for User Entity Instance: datapath:dp|vDFF:A_loader ;
+----------------+-------+-----------------------------------------------+
; Parameter Name ; Value ; Type                                          ;
+----------------+-------+-----------------------------------------------+
; n              ; 16    ; Signed Integer                                ;
+----------------+-------+-----------------------------------------------+
Note: In order to hide this table in the UI and the text report file, please set the "Show Parameter Settings in Synthesis Report" option in "Analysis and Synthesis Settings -> More Settings" to "Off".


+------------------------------------------------------------------------+
; Parameter Settings for User Entity Instance: datapath:dp|vDFF:B_loader ;
+----------------+-------+-----------------------------------------------+
; Parameter Name ; Value ; Type                                          ;
+----------------+-------+-----------------------------------------------+
; n              ; 16    ; Signed Integer                                ;
+----------------+-------+-----------------------------------------------+
Note: In order to hide this table in the UI and the text report file, please set the "Show Parameter Settings in Synthesis Report" option in "Analysis and Synthesis Settings -> More Settings" to "Off".


+------------------------------------------------------------------------+
; Parameter Settings for User Entity Instance: datapath:dp|vDFF:C_loader ;
+----------------+-------+-----------------------------------------------+
; Parameter Name ; Value ; Type                                          ;
+----------------+-------+-----------------------------------------------+
; n              ; 16    ; Signed Integer                                ;
+----------------+-------+-----------------------------------------------+
Note: In order to hide this table in the UI and the text report file, please set the "Show Parameter Settings in Synthesis Report" option in "Analysis and Synthesis Settings -> More Settings" to "Off".


+-----------------------------------------------------------------------------+
; Parameter Settings for User Entity Instance: datapath:dp|vDFF:status_loader ;
+----------------+-------+----------------------------------------------------+
; Parameter Name ; Value ; Type                                               ;
+----------------+-------+----------------------------------------------------+
; n              ; 3     ; Signed Integer                                     ;
+----------------+-------+----------------------------------------------------+
Note: In order to hide this table in the UI and the text report file, please set the "Show Parameter Settings in Synthesis Report" option in "Analysis and Synthesis Settings -> More Settings" to "Off".


+----------------------------------------------------------------------------------------------------------------------------+
; Port Connectivity Checks: "datapath:dp"                                                                                    ;
+------------------+--------+----------+-------------------------------------------------------------------------------------+
; Port             ; Type   ; Severity ; Details                                                                             ;
+------------------+--------+----------+-------------------------------------------------------------------------------------+
; asel             ; Input  ; Info     ; Stuck at GND                                                                        ;
; bsel             ; Input  ; Info     ; Stuck at GND                                                                        ;
; imm5             ; Input  ; Info     ; Stuck at GND                                                                        ;
; mdata            ; Input  ; Info     ; Stuck at GND                                                                        ;
; pc               ; Input  ; Info     ; Stuck at GND                                                                        ;
; status_out[2..1] ; Output ; Info     ; Connected to dangling logic. Logic that only feeds a dangling port will be removed. ;
+------------------+--------+----------+-------------------------------------------------------------------------------------+


+------------------------------------------------------------------------------------------------------------------------------------------------------------------------------+
; Port Connectivity Checks: "StateController:FSM"                                                                                                                              ;
+---------+--------+----------+------------------------------------------------------------------------------------------------------------------------------------------------+
; Port    ; Type   ; Severity ; Details                                                                                                                                        ;
+---------+--------+----------+------------------------------------------------------------------------------------------------------------------------------------------------+
; opcode  ; Input  ; Warning  ; Input port expression (3 bits) is smaller than the input port (4 bits) it drives.  Extra input bit(s) "opcode[3..3]" will be connected to GND. ;
; op      ; Input  ; Warning  ; Input port expression (2 bits) is smaller than the input port (3 bits) it drives.  Extra input bit(s) "op[2..2]" will be connected to GND.     ;
; nsel[0] ; Output ; Info     ; Connected to dangling logic. Logic that only feeds a dangling port will be removed.                                                            ;
+---------+--------+----------+------------------------------------------------------------------------------------------------------------------------------------------------+


+-----------------------------------------------------+
; Post-Synthesis Netlist Statistics for Top Partition ;
+-----------------------+-----------------------------+
; Type                  ; Count                       ;
+-----------------------+-----------------------------+
; arriav_ff             ; 201                         ;
;     ENA               ; 128                         ;
;     SLD               ; 17                          ;
;     plain             ; 56                          ;
; arriav_lcell_comb     ; 143                         ;
;     arith             ; 17                          ;
;         1 data inputs ; 1                           ;
;         5 data inputs ; 16                          ;
;     normal            ; 126                         ;
;         0 data inputs ; 1                           ;
;         1 data inputs ; 1                           ;
;         2 data inputs ; 10                          ;
;         3 data inputs ; 48                          ;
;         4 data inputs ; 2                           ;
;         5 data inputs ; 26                          ;
;         6 data inputs ; 38                          ;
; boundary_port         ; 40                          ;
;                       ;                             ;
; Max LUT depth         ; 3.50                        ;
; Average LUT depth     ; 2.09                        ;
+-----------------------+-----------------------------+


+-------------------------------+
; Elapsed Time Per Partition    ;
+----------------+--------------+
; Partition Name ; Elapsed Time ;
+----------------+--------------+
; Top            ; 00:00:01     ;
+----------------+--------------+


+-------------------------------+
; Analysis & Synthesis Messages ;
+-------------------------------+
Info: *******************************************************************
Info: Running Quartus Prime Analysis & Synthesis
    Info: Version 18.1.0 Build 625 09/12/2018 SJ Lite Edition
    Info: Processing started: Sun Nov 19 10:48:03 2023
Info: Command: quartus_map --read_settings_files=on --write_settings_files=off lab6 -c cpu
Warning (18236): Number of processors has not been specified which may cause overloading on shared machines.  Set the global assignment NUM_PARALLEL_PROCESSORS in your QSF to an appropriate value for best performance.
Info (20030): Parallel compilation is enabled and will use 4 of the 4 processors detected
Info (12021): Found 4 design units, including 4 entities, in source file lab6_top.sv
    Info (12023): Found entity 1: lab6_top File: D:/UBC/Courses/2023W1/CPEN_211/Lab6/Shared-/lab6_top.sv Line: 32
    Info (12023): Found entity 2: input_iface File: D:/UBC/Courses/2023W1/CPEN_211/Lab6/Shared-/lab6_top.sv Line: 68
    Info (12023): Found entity 3: vDFF File: D:/UBC/Courses/2023W1/CPEN_211/Lab6/Shared-/lab6_top.sv Line: 79
    Info (12023): Found entity 4: sseg File: D:/UBC/Courses/2023W1/CPEN_211/Lab6/Shared-/lab6_top.sv Line: 96
Info (12021): Found 1 design units, including 1 entities, in source file state_controller.sv
    Info (12023): Found entity 1: StateController File: D:/UBC/Courses/2023W1/CPEN_211/Lab6/Shared-/state_controller.sv Line: 19
Info (12021): Found 1 design units, including 1 entities, in source file shifter.sv
    Info (12023): Found entity 1: shifter File: D:/UBC/Courses/2023W1/CPEN_211/Lab6/Shared-/shifter.sv Line: 1
Info (12021): Found 1 design units, including 1 entities, in source file regfile.sv
    Info (12023): Found entity 1: regfile File: D:/UBC/Courses/2023W1/CPEN_211/Lab6/Shared-/regfile.sv Line: 2
Info (12021): Found 1 design units, including 1 entities, in source file instructiondecoder.sv
    Info (12023): Found entity 1: InstructionDecoder File: D:/UBC/Courses/2023W1/CPEN_211/Lab6/Shared-/instructionDecoder.sv Line: 2
Info (12021): Found 1 design units, including 1 entities, in source file datapath.sv
    Info (12023): Found entity 1: datapath File: D:/UBC/Courses/2023W1/CPEN_211/Lab6/Shared-/datapath.sv Line: 12
Info (12021): Found 1 design units, including 1 entities, in source file cpu.sv
    Info (12023): Found entity 1: cpu File: D:/UBC/Courses/2023W1/CPEN_211/Lab6/Shared-/cpu.sv Line: 11
Info (12021): Found 1 design units, including 1 entities, in source file alu.sv
    Info (12023): Found entity 1: ALU File: D:/UBC/Courses/2023W1/CPEN_211/Lab6/Shared-/alu.sv Line: 1
Warning (10236): Verilog HDL Implicit Net warning at state_controller.sv(53): created implicit net for "selB" File: D:/UBC/Courses/2023W1/CPEN_211/Lab6/Shared-/state_controller.sv Line: 53
Warning (10236): Verilog HDL Implicit Net warning at state_controller.sv(53): created implicit net for "selA" File: D:/UBC/Courses/2023W1/CPEN_211/Lab6/Shared-/state_controller.sv Line: 53
Warning (10236): Verilog HDL Implicit Net warning at cpu.sv(98): created implicit net for "asel" File: D:/UBC/Courses/2023W1/CPEN_211/Lab6/Shared-/cpu.sv Line: 98
Warning (10236): Verilog HDL Implicit Net warning at cpu.sv(98): created implicit net for "bsel" File: D:/UBC/Courses/2023W1/CPEN_211/Lab6/Shared-/cpu.sv Line: 98
Warning (10236): Verilog HDL Implicit Net warning at cpu.sv(107): created implicit net for "status_out" File: D:/UBC/Courses/2023W1/CPEN_211/Lab6/Shared-/cpu.sv Line: 107
Info (12127): Elaborating entity "cpu" for the top level hierarchy
Info (10264): Verilog HDL Case Statement information at cpu.sv(75): all case item expressions in this case statement are onehot File: D:/UBC/Courses/2023W1/CPEN_211/Lab6/Shared-/cpu.sv Line: 75
Warning (10030): Net "asel" at cpu.sv(98) has no driver or initial value, using a default initial value '0' File: D:/UBC/Courses/2023W1/CPEN_211/Lab6/Shared-/cpu.sv Line: 98
Warning (10030): Net "bsel" at cpu.sv(98) has no driver or initial value, using a default initial value '0' File: D:/UBC/Courses/2023W1/CPEN_211/Lab6/Shared-/cpu.sv Line: 98
Info (12128): Elaborating entity "vDFF" for hierarchy "vDFF:InstructionReg" File: D:/UBC/Courses/2023W1/CPEN_211/Lab6/Shared-/cpu.sv Line: 19
Info (12128): Elaborating entity "InstructionDecoder" for hierarchy "InstructionDecoder:Dec" File: D:/UBC/Courses/2023W1/CPEN_211/Lab6/Shared-/cpu.sv Line: 22
Info (12128): Elaborating entity "StateController" for hierarchy "StateController:FSM" File: D:/UBC/Courses/2023W1/CPEN_211/Lab6/Shared-/cpu.sv Line: 63
Warning (10036): Verilog HDL or VHDL warning at state_controller.sv(53): object "selB" assigned a value but never read File: D:/UBC/Courses/2023W1/CPEN_211/Lab6/Shared-/state_controller.sv Line: 53
Warning (10036): Verilog HDL or VHDL warning at state_controller.sv(53): object "selA" assigned a value but never read File: D:/UBC/Courses/2023W1/CPEN_211/Lab6/Shared-/state_controller.sv Line: 53
Info (10264): Verilog HDL Case Statement information at state_controller.sv(62): all case item expressions in this case statement are onehot File: D:/UBC/Courses/2023W1/CPEN_211/Lab6/Shared-/state_controller.sv Line: 62
Warning (10270): Verilog HDL Case Statement warning at state_controller.sv(148): incomplete case statement has no default case item File: D:/UBC/Courses/2023W1/CPEN_211/Lab6/Shared-/state_controller.sv Line: 148
Info (10264): Verilog HDL Case Statement information at state_controller.sv(148): all case item expressions in this case statement are onehot File: D:/UBC/Courses/2023W1/CPEN_211/Lab6/Shared-/state_controller.sv Line: 148
Info (12128): Elaborating entity "datapath" for hierarchy "datapath:dp" File: D:/UBC/Courses/2023W1/CPEN_211/Lab6/Shared-/cpu.sv Line: 108
Info (12128): Elaborating entity "shifter" for hierarchy "datapath:dp|shifter:FileShifter" File: D:/UBC/Courses/2023W1/CPEN_211/Lab6/Shared-/datapath.sv Line: 38
Warning (10230): Verilog HDL assignment warning at shifter.sv(16): truncated value with size 16 to match size of target (15) File: D:/UBC/Courses/2023W1/CPEN_211/Lab6/Shared-/shifter.sv Line: 16
Info (12128): Elaborating entity "regfile" for hierarchy "datapath:dp|regfile:REGFILE" File: D:/UBC/Courses/2023W1/CPEN_211/Lab6/Shared-/datapath.sv Line: 39
Info (12128): Elaborating entity "ALU" for hierarchy "datapath:dp|ALU:ALUModule" File: D:/UBC/Courses/2023W1/CPEN_211/Lab6/Shared-/datapath.sv Line: 40
Info (12128): Elaborating entity "vDFF" for hierarchy "datapath:dp|vDFF:status_loader" File: D:/UBC/Courses/2023W1/CPEN_211/Lab6/Shared-/datapath.sv Line: 45
Warning (12241): 1 hierarchies have connectivity warnings - see the Connectivity Checks report folder
Warning (13024): Output pins are stuck at VCC or GND
    Warning (13410): Pin "V" is stuck at GND File: D:/UBC/Courses/2023W1/CPEN_211/Lab6/Shared-/cpu.sv Line: 15
    Warning (13410): Pin "Z" is stuck at GND File: D:/UBC/Courses/2023W1/CPEN_211/Lab6/Shared-/cpu.sv Line: 15
Info (286030): Timing-Driven Synthesis is running
Info (17049): 4 registers lost all their fanouts during netlist optimizations.
Info (16010): Generating hard_block partition "hard_block:auto_generated_inst"
    Info (16011): Adding 0 node(s), including 0 DDIO, 0 PLL, 0 transceiver and 0 LCELL
Info (21057): Implemented 359 device resources after synthesis - the final resource count might be different
    Info (21058): Implemented 20 input pins
    Info (21059): Implemented 20 output pins
    Info (21061): Implemented 319 logic cells
Info: Quartus Prime Analysis & Synthesis was successful. 0 errors, 16 warnings
    Info: Peak virtual memory: 4831 megabytes
    Info: Processing ended: Sun Nov 19 10:48:21 2023
    Info: Elapsed time: 00:00:18
    Info: Total CPU time (on all processors): 00:00:17


