------------------------------------------------------------
Timing Analyzer Summary
------------------------------------------------------------

Type  : Slow 1100mV 85C Model Setup 'clk'
Slack : -5.196
TNS   : -746.577

Type  : Slow 1100mV 85C Model Hold 'clk'
Slack : 0.373
TNS   : 0.000

Type  : Slow 1100mV 85C Model Minimum Pulse Width 'clk'
Slack : -0.581
TNS   : -130.785

Type  : Slow 1100mV 0C Model Setup 'clk'
Slack : -5.307
TNS   : -702.118

Type  : Slow 1100mV 0C Model Hold 'clk'
Slack : 0.369
TNS   : 0.000

Type  : Slow 1100mV 0C Model Minimum Pulse Width 'clk'
Slack : -0.567
TNS   : -131.057

Type  : Fast 1100mV 85C Model Setup 'clk'
Slack : -2.846
TNS   : -375.826

Type  : Fast 1100mV 85C Model Hold 'clk'
Slack : 0.202
TNS   : 0.000

Type  : Fast 1100mV 85C Model Minimum Pulse Width 'clk'
Slack : -0.592
TNS   : -50.317

Type  : Fast 1100mV 0C Model Setup 'clk'
Slack : -2.547
TNS   : -322.008

Type  : Fast 1100mV 0C Model Hold 'clk'
Slack : 0.188
TNS   : 0.000

Type  : Fast 1100mV 0C Model Minimum Pulse Width 'clk'
Slack : -0.533
TNS   : -48.169

------------------------------------------------------------
