------------------------------------------------------------
Timing Analyzer Summary
------------------------------------------------------------

Type  : Slow 1100mV 85C Model Setup 'KEY[0]'
Slack : -7.021
TNS   : -1065.958

Type  : Slow 1100mV 85C Model Hold 'KEY[0]'
Slack : -2.613
TNS   : -62.597

Type  : Slow 1100mV 85C Model Minimum Pulse Width 'KEY[0]'
Slack : -0.464
TNS   : -132.378

Type  : Slow 1100mV 85C Model Minimum Pulse Width 'CLOCK_50'
Slack : -0.394
TNS   : -8.447

Type  : Slow 1100mV 0C Model Setup 'KEY[0]'
Slack : -6.758
TNS   : -1004.536

Type  : Slow 1100mV 0C Model Hold 'KEY[0]'
Slack : -2.635
TNS   : -66.726

Type  : Slow 1100mV 0C Model Minimum Pulse Width 'KEY[0]'
Slack : -0.491
TNS   : -121.297

Type  : Slow 1100mV 0C Model Minimum Pulse Width 'CLOCK_50'
Slack : -0.394
TNS   : -8.972

Type  : Fast 1100mV 85C Model Setup 'KEY[0]'
Slack : -4.153
TNS   : -663.726

Type  : Fast 1100mV 85C Model Hold 'KEY[0]'
Slack : -1.355
TNS   : -31.274

Type  : Fast 1100mV 85C Model Minimum Pulse Width 'KEY[0]'
Slack : -0.505
TNS   : -70.596

Type  : Fast 1100mV 85C Model Minimum Pulse Width 'CLOCK_50'
Slack : -0.091
TNS   : -1.397

Type  : Fast 1100mV 0C Model Setup 'KEY[0]'
Slack : -3.545
TNS   : -544.428

Type  : Fast 1100mV 0C Model Hold 'KEY[0]'
Slack : -1.454
TNS   : -38.432

Type  : Fast 1100mV 0C Model Minimum Pulse Width 'KEY[0]'
Slack : -0.505
TNS   : -70.682

Type  : Fast 1100mV 0C Model Minimum Pulse Width 'CLOCK_50'
Slack : -0.087
TNS   : -1.368

------------------------------------------------------------
