------------------------------------------------------------
Timing Analyzer Summary
------------------------------------------------------------

Type  : Slow 1100mV 85C Model Setup 'KEY[0]'
Slack : -4.621
TNS   : -832.155

Type  : Slow 1100mV 85C Model Hold 'KEY[0]'
Slack : 0.221
TNS   : 0.000

Type  : Slow 1100mV 85C Model Minimum Pulse Width 'KEY[0]'
Slack : -2.636
TNS   : -268.972

Type  : Slow 1100mV 0C Model Setup 'KEY[0]'
Slack : -4.568
TNS   : -808.478

Type  : Slow 1100mV 0C Model Hold 'KEY[0]'
Slack : 0.284
TNS   : 0.000

Type  : Slow 1100mV 0C Model Minimum Pulse Width 'KEY[0]'
Slack : -2.636
TNS   : -259.280

Type  : Fast 1100mV 85C Model Setup 'KEY[0]'
Slack : -2.364
TNS   : -366.117

Type  : Fast 1100mV 85C Model Hold 'KEY[0]'
Slack : 0.140
TNS   : 0.000

Type  : Fast 1100mV 85C Model Minimum Pulse Width 'KEY[0]'
Slack : -2.636
TNS   : -203.387

Type  : Fast 1100mV 0C Model Setup 'KEY[0]'
Slack : -2.066
TNS   : -316.265

Type  : Fast 1100mV 0C Model Hold 'KEY[0]'
Slack : 0.146
TNS   : 0.000

Type  : Fast 1100mV 0C Model Minimum Pulse Width 'KEY[0]'
Slack : -2.636
TNS   : -201.642

------------------------------------------------------------
