------------------------------------------------------------
Timing Analyzer Summary
------------------------------------------------------------

Type  : Slow 1100mV 85C Model Setup 'KEY[0]'
Slack : -4.116
TNS   : -739.711

Type  : Slow 1100mV 85C Model Hold 'KEY[0]'
Slack : 0.214
TNS   : 0.000

Type  : Slow 1100mV 85C Model Minimum Pulse Width 'KEY[0]'
Slack : -2.636
TNS   : -271.670

Type  : Slow 1100mV 0C Model Setup 'KEY[0]'
Slack : -4.026
TNS   : -716.008

Type  : Slow 1100mV 0C Model Hold 'KEY[0]'
Slack : 0.280
TNS   : 0.000

Type  : Slow 1100mV 0C Model Minimum Pulse Width 'KEY[0]'
Slack : -2.636
TNS   : -256.956

Type  : Fast 1100mV 85C Model Setup 'KEY[0]'
Slack : -1.852
TNS   : -316.537

Type  : Fast 1100mV 85C Model Hold 'KEY[0]'
Slack : 0.138
TNS   : 0.000

Type  : Fast 1100mV 85C Model Minimum Pulse Width 'KEY[0]'
Slack : -2.636
TNS   : -201.968

Type  : Fast 1100mV 0C Model Setup 'KEY[0]'
Slack : -1.634
TNS   : -268.018

Type  : Fast 1100mV 0C Model Hold 'KEY[0]'
Slack : 0.147
TNS   : 0.000

Type  : Fast 1100mV 0C Model Minimum Pulse Width 'KEY[0]'
Slack : -2.636
TNS   : -200.266

------------------------------------------------------------
